# KEY|COMMAND|COLOR|ACCESS LEVELS|DESCRIPTION
Z|BACK|WHITE|USER|Return to the Main Menu
---
  _     _     _     _   _
 | |   (_)___| |_  | | | |___  ___ _ __ ___
 | |   | / __| __| | | | / __|/ _ \ '__/ __|
 | |___| \__ \ |_  | |_| \__ \  __/ |  \__ \
 |_____|_|___/\__|  \___/|___/\___|_|  |___/
[% SHOW USERS LIST %]
