# KEY|COMMAND|COLOR|ACCESS LEVEL|DESCRIPTION
S|NEWS SUMMARY|GREEN|USER|List News Summary
N|NEWS DISPLAY|MAGENTA|USER|Show News in Detail
W|RSS FEEDS|BRIGHT BLUE|USER|World News Feeds
Z|BACK|WHITE|USER|Return to the Main Menu
---
[% CYAN %]  _   _
 | \ | | _____      _____
 |  \| |/ _ \ \ /\ / / __|
 | |\  |  __/\ V  V /\__ \
 |_| \_|\___| \_/\_/ |___/[% RESET %]
