Z|BACK|CYAN|Return To User Manager
---
[% RED     %]    #[% YELLOW %]     _       _     _   _   _[% RESET %]
[% YELLOW  %]   ##[% YELLOW %]    / \   __| | __| | | | | |___  ___ _ __[% RESET %]
[% GREEN   %]  ###[% YELLOW %]   / _ \ / _` |/ _` | | | | / __|/ _ \ '__|[% RESET %]
[% MAGENTA %] ####[% YELLOW %]  / ___ \ (_| | (_| | | |_| \__ \  __/ |[% RESET %]
[% BLUE    %]#####[% YELLOW %] /_/   \_\__,_|\__,_|  \___/|___/\___|_|[% RESET %]
