<|BACK|CYAN|Return To User Manager
---
[% RED     %]    #[% YELLOW %]     _       _     _   _   _               
[% YELLOW  %]   ##[% YELLOW %]    / \   __| | __| | | | | |___  ___ _ __ 
[% GREEN   %]  ###[% YELLOW %]   / _ \ / _` |/ _` | | | | / __|/ _ \ '__|
[% MAGENTA %] ####[% YELLOW %]  / ___ \ (_| | (_| | | |_| \__ \  __/ |   
[% BLUE    %]#####[% YELLOW %] /_/   \_\__,_|\__,_|  \___/|___/\___|_|
[% RESET %]
