Z|BACK|BRIGHT BLUE|Return to BBS Listing Manager
---
[% RED     %]    #[% YELLOW %]     _       _     _   ____  ____ ____[% RESET %]
[% YELLOW  %]   ##[% YELLOW %]    / \   __| | __| | | __ )| __ ) ___|[% RESET %]
[% GREEN   %]  ###[% YELLOW %]   / _ \ / _` |/ _` | |  _ \|  _ \___ \[% RESET %]
[% MAGENTA %] ####[% YELLOW %]  / ___ \ (_| | (_| | | |_) | |_) |__) |[% RESET %]
[% BLUE    %]#####[% YELLOW %] /_/   \_\__,_|\__,_| |____/|____/____/[% RESET %]
