[% B_BLUE %][% BRIGHT WHITE %]⋆⋆⋆[% RESET %]  [% B_RED %][% BRIGHT WHITE %]🮑🮑🮑[% RESET %] [% B_BLUE %][% BRIGHT WHITE %]⋆⋆⋆[% B_RED %][% BRIGHT WHITE %]🮑🮑🮑[% RESET %]  [% B_BLUE %][% BRIGHT WHITE %]⋆⋆⋆[% B_RED %][% BRIGHT WHITE %]🮑🮑🮑🮑[% RESET %] 
[% B_BLUE %][% BRIGHT WHITE %]⋆⋆⋆[% RESET %]  [% B_RED %][% BRIGHT WHITE %]🮑🮑🮑[% RESET %] [% B_BLUE %][% BRIGHT WHITE %]⋆⋆⋆[% RESET %]     [% B_BLUE %][% BRIGHT WHITE %]⋆⋆⋆[% RESET %]  [% B_RED %][% BRIGHT WHITE %]🮑🮑🮑[% RESET %]
[% B_RED %][% BRIGHT WHITE %]🮑🮑🮑[% RESET %]  [% B_RED %][% BRIGHT WHITE %]🮑🮑🮑[% RESET %]  [% B_RED %][% BRIGHT WHITE %]🮑🮑🮑🮑🮑[% RESET %]  [% B_RED %][% BRIGHT WHITE %]🮑🮑🮑🮑🮑🮑🮑🮑[% RESET %]
[% B_RED %][% BRIGHT WHITE %]🮑🮑🮑[% RESET %]  [% B_RED %][% BRIGHT WHITE %]🮑🮑🮑[% RESET %]     [% B_RED %][% BRIGHT WHITE %]🮑🮑🮑[% RESET %] [% B_RED %][% BRIGHT WHITE %]🮑🮑🮑[% RESET %]  [% B_RED %][% BRIGHT WHITE %]🮑🮑🮑[% RESET %]
 [% B_RED %][% BRIGHT WHITE %][% B_RED %][% BRIGHT WHITE %]🮑🮑🮑🮑🮑🮑[% RESET %]  [% B_RED %][% BRIGHT WHITE %]🮑🮑🮑🮑🮑🮑[% RESET %]  [% B_RED %][% BRIGHT WHITE %]🮑🮑🮑[% RESET %]  [% B_RED %][% BRIGHT WHITE %]🮑🮑🮑[% RESET %]
