     USERNAME:  [% USERNAME %]
   GIVEN NAME:  [% USER GIVEN %]
  FAMILY NAME:  [% USER FAMILY %]
     BIRTHDAY:  [% USER BIRTHDAY %]
          AGE:  [% USER AGE %]
     LOCATION:  [% USER LOCATION %]
RETRO SYSTEMS:  [% USER RETRO SYSTEMS %]
   LOGIN TIME:  [% USER LOGIN TIME %]
      TIME ON:  [% USER MINUTES %]
